// Jest Snapshot v1, https://goo.gl/fbAQLP

exports[`renders homepage unchanged 1`] = `
<div>
  <main
    class="py-8"
  >
    <div
      class="mx-auto max-w-7xl sm:px-6 lg:px-8"
    >
      <h1
        class="text-xl font-bold"
      >
        Hllo NextJS 13
      </h1>
    </div>
  </main>
</div>
`;
